// Jest Snapshot v1, https://goo.gl/fbAQLP

exports[`Details Component matches snapshot when data is available 1`] = `
<DocumentFragment>
  <div
    class="container"
  >
    <div>
      <h2 />
      <h2>
        Air Quality Index = 2
      </h2>
      <p
        class="aqi-description aqi-2"
      >
        AQI: Fair
      </p>
      <h2>
        Components:
      </h2>
      <ul
        class="componentsList"
      >
        <li>
          CO:1
        </li>
        <li>
          NO2:2
        </li>
        <li>
          PM2_5:5
        </li>
      </ul>
    </div>
  </div>
</DocumentFragment>
`;
